Archive member included to satisfy reference by file (symbol)

C:/ST/STM32CubeIDE_1.12.0/STM32CubeIDE/plugins/com.st.stm32cube.ide.mcu.externaltools.gnu-tools-for-stm32.11.3.rel1.win32_1.1.0.202305231506/tools/bin/../lib/gcc/arm-none-eabi/11.3.1/../../../../arm-none-eabi/lib/thumb/v7-m/nofp\libc_nano.a(libc_a-exit.o)
                              C:/ST/STM32CubeIDE_1.12.0/STM32CubeIDE/plugins/com.st.stm32cube.ide.mcu.externaltools.gnu-tools-for-stm32.11.3.rel1.win32_1.1.0.202305231506/tools/bin/../lib/gcc/arm-none-eabi/11.3.1/../../../../arm-none-eabi/lib/thumb/v7-m/nofp/crt0.o (exit)
C:/ST/STM32CubeIDE_1.12.0/STM32CubeIDE/plugins/com.st.stm32cube.ide.mcu.externaltools.gnu-tools-for-stm32.11.3.rel1.win32_1.1.0.202305231506/tools/bin/../lib/gcc/arm-none-eabi/11.3.1/../../../../arm-none-eabi/lib/thumb/v7-m/nofp\libc_nano.a(libc_a-findfp.o)
                              C:/ST/STM32CubeIDE_1.12.0/STM32CubeIDE/plugins/com.st.stm32cube.ide.mcu.externaltools.gnu-tools-for-stm32.11.3.rel1.win32_1.1.0.202305231506/tools/bin/../lib/gcc/arm-none-eabi/11.3.1/../../../../arm-none-eabi/lib/thumb/v7-m/nofp\libc_nano.a(libc_a-exit.o) (__stdio_exit_handler)
C:/ST/STM32CubeIDE_1.12.0/STM32CubeIDE/plugins/com.st.stm32cube.ide.mcu.externaltools.gnu-tools-for-stm32.11.3.rel1.win32_1.1.0.202305231506/tools/bin/../lib/gcc/arm-none-eabi/11.3.1/../../../../arm-none-eabi/lib/thumb/v7-m/nofp\libc_nano.a(libc_a-fwalk.o)
                              C:/ST/STM32CubeIDE_1.12.0/STM32CubeIDE/plugins/com.st.stm32cube.ide.mcu.externaltools.gnu-tools-for-stm32.11.3.rel1.win32_1.1.0.202305231506/tools/bin/../lib/gcc/arm-none-eabi/11.3.1/../../../../arm-none-eabi/lib/thumb/v7-m/nofp\libc_nano.a(libc_a-findfp.o) (_fwalk_sglue)
C:/ST/STM32CubeIDE_1.12.0/STM32CubeIDE/plugins/com.st.stm32cube.ide.mcu.externaltools.gnu-tools-for-stm32.11.3.rel1.win32_1.1.0.202305231506/tools/bin/../lib/gcc/arm-none-eabi/11.3.1/../../../../arm-none-eabi/lib/thumb/v7-m/nofp\libc_nano.a(libc_a-stdio.o)
                              C:/ST/STM32CubeIDE_1.12.0/STM32CubeIDE/plugins/com.st.stm32cube.ide.mcu.externaltools.gnu-tools-for-stm32.11.3.rel1.win32_1.1.0.202305231506/tools/bin/../lib/gcc/arm-none-eabi/11.3.1/../../../../arm-none-eabi/lib/thumb/v7-m/nofp\libc_nano.a(libc_a-findfp.o) (__sread)
C:/ST/STM32CubeIDE_1.12.0/STM32CubeIDE/plugins/com.st.stm32cube.ide.mcu.externaltools.gnu-tools-for-stm32.11.3.rel1.win32_1.1.0.202305231506/tools/bin/../lib/gcc/arm-none-eabi/11.3.1/../../../../arm-none-eabi/lib/thumb/v7-m/nofp\libc_nano.a(libc_a-memset.o)
                              C:/ST/STM32CubeIDE_1.12.0/STM32CubeIDE/plugins/com.st.stm32cube.ide.mcu.externaltools.gnu-tools-for-stm32.11.3.rel1.win32_1.1.0.202305231506/tools/bin/../lib/gcc/arm-none-eabi/11.3.1/../../../../arm-none-eabi/lib/thumb/v7-m/nofp/crt0.o (memset)
C:/ST/STM32CubeIDE_1.12.0/STM32CubeIDE/plugins/com.st.stm32cube.ide.mcu.externaltools.gnu-tools-for-stm32.11.3.rel1.win32_1.1.0.202305231506/tools/bin/../lib/gcc/arm-none-eabi/11.3.1/../../../../arm-none-eabi/lib/thumb/v7-m/nofp\libc_nano.a(libc_a-closer.o)
                              C:/ST/STM32CubeIDE_1.12.0/STM32CubeIDE/plugins/com.st.stm32cube.ide.mcu.externaltools.gnu-tools-for-stm32.11.3.rel1.win32_1.1.0.202305231506/tools/bin/../lib/gcc/arm-none-eabi/11.3.1/../../../../arm-none-eabi/lib/thumb/v7-m/nofp\libc_nano.a(libc_a-stdio.o) (_close_r)
C:/ST/STM32CubeIDE_1.12.0/STM32CubeIDE/plugins/com.st.stm32cube.ide.mcu.externaltools.gnu-tools-for-stm32.11.3.rel1.win32_1.1.0.202305231506/tools/bin/../lib/gcc/arm-none-eabi/11.3.1/../../../../arm-none-eabi/lib/thumb/v7-m/nofp\libc_nano.a(libc_a-reent.o)
                              C:/ST/STM32CubeIDE_1.12.0/STM32CubeIDE/plugins/com.st.stm32cube.ide.mcu.externaltools.gnu-tools-for-stm32.11.3.rel1.win32_1.1.0.202305231506/tools/bin/../lib/gcc/arm-none-eabi/11.3.1/../../../../arm-none-eabi/lib/thumb/v7-m/nofp\libc_nano.a(libc_a-closer.o) (errno)
C:/ST/STM32CubeIDE_1.12.0/STM32CubeIDE/plugins/com.st.stm32cube.ide.mcu.externaltools.gnu-tools-for-stm32.11.3.rel1.win32_1.1.0.202305231506/tools/bin/../lib/gcc/arm-none-eabi/11.3.1/../../../../arm-none-eabi/lib/thumb/v7-m/nofp\libc_nano.a(libc_a-impure.o)
                              C:/ST/STM32CubeIDE_1.12.0/STM32CubeIDE/plugins/com.st.stm32cube.ide.mcu.externaltools.gnu-tools-for-stm32.11.3.rel1.win32_1.1.0.202305231506/tools/bin/../lib/gcc/arm-none-eabi/11.3.1/../../../../arm-none-eabi/lib/thumb/v7-m/nofp\libc_nano.a(libc_a-reent.o) (_impure_ptr)
C:/ST/STM32CubeIDE_1.12.0/STM32CubeIDE/plugins/com.st.stm32cube.ide.mcu.externaltools.gnu-tools-for-stm32.11.3.rel1.win32_1.1.0.202305231506/tools/bin/../lib/gcc/arm-none-eabi/11.3.1/../../../../arm-none-eabi/lib/thumb/v7-m/nofp\libc_nano.a(libc_a-lseekr.o)
[...]
Memory Configuration

Name             Origin             Length             Attributes
RAM              0x0000000020000000 0x0000000000005000 xrw
FLASH            0x0000000008000000 0x0000000000010000 xr
*default*        0x0000000000000000 0xffffffffffffffff

Linker script and memory map

LOAD C:/ST/STM32CubeIDE_1.12.0/STM32CubeIDE/plugins/com.st.stm32cube.ide.mcu.externaltools.gnu-tools-for-stm32.11.3.rel1.win32_1.1.0.202305231506/tools/bin/../lib/gcc/arm-none-eabi/11.3.1/thumb/v7-m/nofp/crti.o
LOAD C:/ST/STM32CubeIDE_1.12.0/STM32CubeIDE/plugins/com.st.stm32cube.ide.mcu.externaltools.gnu-tools-for-stm32.11.3.rel1.win32_1.1.0.202305231506/tools/bin/../lib/gcc/arm-none-eabi/11.3.1/thumb/v7-m/nofp/crtbegin.o
LOAD C:/ST/STM32CubeIDE_1.12.0/STM32CubeIDE/plugins/com.st.stm32cube.ide.mcu.externaltools.gnu-tools-for-stm32.11.3.rel1.win32_1.1.0.202305231506/tools/bin/../lib/gcc/arm-none-eabi/11.3.1/../../../../arm-none-eabi/lib/thumb/v7-m/nofp/crt0.o
LOAD ./Drivers/Src/stm32f1xx_gpio.o
LOAD ./Drivers/Src/stm32f1xx_i2c.o
LOAD ./Drivers/Src/stm32f1xx_spi.o
LOAD ./Src/SPI_MasterReceive.o
LOAD ./Src/syscalls.o
LOAD ./Src/sysmem.o
LOAD ./Startup/startup_stm32f103c8tx.o
START GROUP
LOAD C:/ST/STM32CubeIDE_1.12.0/STM32CubeIDE/plugins/com.st.stm32cube.ide.mcu.externaltools.gnu-tools-for-stm32.11.3.rel1.win32_1.1.0.202305231506/tools/bin/../lib/gcc/arm-none-eabi/11.3.1/../../../../arm-none-eabi/lib/thumb/v7-m/nofp\libc_nano.a
LOAD C:/ST/STM32CubeIDE_1.12.0/STM32CubeIDE/plugins/com.st.stm32cube.ide.mcu.externaltools.gnu-tools-for-stm32.11.3.rel1.win32_1.1.0.202305231506/tools/bin/../lib/gcc/arm-none-eabi/11.3.1/../../../../arm-none-eabi/lib/thumb/v7-m/nofp\libm.a
END GROUP
START GROUP
LOAD C:/ST/STM32CubeIDE_1.12.0/STM32CubeIDE/plugins/com.st.stm32cube.ide.mcu.externaltools.gnu-tools-for-stm32.11.3.rel1.win32_1.1.0.202305231506/tools/bin/../lib/gcc/arm-none-eabi/11.3.1/thumb/v7-m/nofp\libgcc.a
LOAD C:/ST/STM32CubeIDE_1.12.0/STM32CubeIDE/plugins/com.st.stm32cube.ide.mcu.externaltools.gnu-tools-for-stm32.11.3.rel1.win32_1.1.0.202305231506/tools/bin/../lib/gcc/arm-none-eabi/11.3.1/../../../../arm-none-eabi/lib/thumb/v7-m/nofp\libc_nano.a
END GROUP
START GROUP
LOAD C:/ST/STM32CubeIDE_1.12.0/STM32CubeIDE/plugins/com.st.stm32cube.ide.mcu.externaltools.gnu-tools-for-stm32.11.3.rel1.win32_1.1.0.202305231506/tools/bin/../lib/gcc/arm-none-eabi/11.3.1/thumb/v7-m/nofp\libgcc.a
LOAD C:/ST/STM32CubeIDE_1.12.0/STM32CubeIDE/plugins/com.st.stm32cube.ide.mcu.externaltools.gnu-tools-for-stm32.11.3.rel1.win32_1.1.0.202305231506/tools/bin/../lib/gcc/arm-none-eabi/11.3.1/../../../../arm-none-eabi/lib/thumb/v7-m/nofp\libc_nano.a
LOAD C:/ST/STM32CubeIDE_1.12.0/STM32CubeIDE/plugins/com.st.stm32cube.ide.mcu.externaltools.gnu-tools-for-stm32.11.3.rel1.win32_1.1.0.202305231506/tools/bin/../lib/gcc/arm-none-eabi/11.3.1/../../../../arm-none-eabi/lib/thumb/v7-m/nofp\libnosys.a
END GROUP
START GROUP
LOAD C:/ST/STM32CubeIDE_1.12.0/STM32CubeIDE/plugins/com.st.stm32cube.ide.mcu.externaltools.gnu-tools-for-stm32.11.3.rel1.win32_1.1.0.202305231506/tools/bin/../lib/gcc/arm-none-eabi/11.3.1/thumb/v7-m/nofp\libgcc.a
LOAD C:/ST/STM32CubeIDE_1.12.0/STM32CubeIDE/plugins/com.st.stm32cube.ide.mcu.externaltools.gnu-tools-for-stm32.11.3.rel1.win32_1.1.0.202305231506/tools/bin/../lib/gcc/arm-none-eabi/11.3.1/../../../../arm-none-eabi/lib/thumb/v7-m/nofp\libc_nano.a
LOAD C:/ST/STM32CubeIDE_1.12.0/STM32CubeIDE/plugins/com.st.stm32cube.ide.mcu.externaltools.gnu-tools-for-stm32.11.3.rel1.win32_1.1.0.202305231506/tools/bin/../lib/gcc/arm-none-eabi/11.3.1/../../../../arm-none-eabi/lib/thumb/v7-m/nofp\libnosys.a
END GROUP
LOAD C:/ST/STM32CubeIDE_1.12.0/STM32CubeIDE/plugins/com.st.stm32cube.ide.mcu.externaltools.gnu-tools-for-stm32.11.3.rel1.win32_1.1.0.202305231506/tools/bin/../lib/gcc/arm-none-eabi/11.3.1/thumb/v7-m/nofp/crtend.o
LOAD C:/ST/STM32CubeIDE_1.12.0/STM32CubeIDE/plugins/com.st.stm32cube.ide.mcu.externaltools.gnu-tools-for-stm32.11.3.rel1.win32_1.1.0.202305231506/tools/bin/../lib/gcc/arm-none-eabi/11.3.1/thumb/v7-m/nofp/crtn.o
                0x0000000020005000                _estack = (ORIGIN (RAM) + LENGTH (RAM))
                0x0000000000000200                _Min_Heap_Size = 0x200
                0x0000000000000400                _Min_Stack_Size = 0x400

.isr_vector     0x0000000008000000      0x130
                0x0000000008000000                . = ALIGN (0x4)
 *(.isr_vector)
 .isr_vector    0x0000000008000000      0x130 ./Startup/startup_stm32f103c8tx.o
                0x0000000008000000                g_pfnVectors
                0x0000000008000130                . = ALIGN (0x4)

.text           0x0000000008000130      0xba0
                0x0000000008000130                . = ALIGN (0x4)
 *(.text)
 .text          0x0000000008000130       0x40 C:/ST/STM32CubeIDE_1.12.0/STM32CubeIDE/plugins/com.st.stm32cube.ide.mcu.externaltools.gnu-tools-for-stm32.11.3.rel1.win32_1.1.0.202305231506/tools/bin/../lib/gcc/arm-none-eabi/11.3.1/thumb/v7-m/nofp/crtbegin.o
 *(.text*)
 .text.GPIOx_ClkControl
                0x0000000008000170      0x114 ./Drivers/Src/stm32f1xx_gpio.o
                0x0000000008000170                GPIOx_ClkControl
 .text.GPIOx_Init
                0x0000000008000284      0x33c ./Drivers/Src/stm32f1xx_gpio.o
                0x0000000008000284                GPIOx_Init
 .text.GPIOx_IsEXTI
                0x00000000080005c0       0x2e ./Drivers/Src/stm32f1xx_gpio.o
                0x00000000080005c0                GPIOx_IsEXTI
 *fill*         0x00000000080005ee        0x2 
 .text.GPIOx_IRQControl
                0x00000000080005f0       0x8c ./Drivers/Src/stm32f1xx_gpio.o
                0x00000000080005f0                GPIOx_IRQControl
 .text.GPIOx_IRQHandler
                0x000000000800067c       0x40 ./Drivers/Src/stm32f1xx_gpio.o
                0x000000000800067c                GPIOx_IRQHandler
 .text.SPIx_ClkControl
                0x00000000080006bc       0xb4 ./Drivers/Src/stm32f1xx_spi.o
                0x00000000080006bc                SPIx_ClkControl
 .text.SPIx_Init
                0x0000000008000770      0x18c ./Drivers/Src/stm32f1xx_spi.o
                0x0000000008000770                SPIx_Init
 .text.SPIx_GetFlag
                0x00000000080008fc       0x2e ./Drivers/Src/stm32f1xx_spi.o
                0x00000000080008fc                SPIx_GetFlag
 .text.SPIx_Start
                0x000000000800092a       0x1e ./Drivers/Src/stm32f1xx_spi.o
                0x000000000800092a                SPIx_Start
 .text.SPIx_Stop
                0x0000000008000948       0x1e ./Drivers/Src/stm32f1xx_spi.o
                0x0000000008000948                SPIx_Stop
 .text.SPIx_Send
                0x0000000008000966       0x84 ./Drivers/Src/stm32f1xx_spi.o
                0x0000000008000966                SPIx_Send
 .text.SPIx_Receive
                0x00000000080009ea       0x8a ./Drivers/Src/stm32f1xx_spi.o
                0x00000000080009ea                SPIx_Receive
 .text.main     0x0000000008000a74       0x8c ./Src/SPI_MasterReceive.o
                0x0000000008000a74                main
 .text.EXTI1_IRQHandler
                0x0000000008000b00       0x18 ./Src/SPI_MasterReceive.o
                0x0000000008000b00                EXTI1_IRQHandler
 .text.GPIO_Setup
                0x0000000008000b18       0x9c ./Src/SPI_MasterReceive.o
                0x0000000008000b18                GPIO_Setup
 .text.SPI_Setup
                0x0000000008000bb4       0x58 ./Src/SPI_MasterReceive.o
                0x0000000008000bb4                SPI_Setup
 .text.Reset_Handler
                0x0000000008000c0c       0x50 ./Startup/startup_stm32f103c8tx.o
                0x0000000008000c0c                Reset_Handler
 .text.Default_Handler
                0x0000000008000c5c        0x2 ./Startup/startup_stm32f103c8tx.o
                0x0000000008000c5c                EXTI2_IRQHandler
                0x0000000008000c5c                TIM8_TRG_COM_IRQHandler
                0x0000000008000c5c                TIM8_CC_IRQHandler
                0x0000000008000c5c                DebugMon_Handler
                0x0000000008000c5c                TIM1_CC_IRQHandler
                0x0000000008000c5c                HardFault_Handler
                0x0000000008000c5c                TIM6_IRQHandler
                0x0000000008000c5c                SysTick_Handler
                0x0000000008000c5c                PVD_IRQHandler
                0x0000000008000c5c                SDIO_IRQHandler
                0x0000000008000c5c                PendSV_Handler
                0x0000000008000c5c                NMI_Handler
                0x0000000008000c5c                EXTI3_IRQHandler
                0x0000000008000c5c                USB_HP_CAN_TX_IRQHandler
                0x0000000008000c5c                EXTI0_IRQHandler
                0x0000000008000c5c                I2C2_EV_IRQHandler
                0x0000000008000c5c                UsageFault_Handler
                0x0000000008000c5c                ADC1_2_IRQHandler
                0x0000000008000c5c                SPI1_IRQHandler
                0x0000000008000c5c                CAN_SCE_IRQHandler
                0x0000000008000c5c                TAMPER_IRQHandler
                0x0000000008000c5c                TIM8_UP_IRQHandler
                0x0000000008000c5c                DMA2_Channel2_IRQHandler
                0x0000000008000c5c                DMA1_Channel4_IRQHandler
                0x0000000008000c5c                USART3_IRQHandler
                0x0000000008000c5c                RTC_IRQHandler
                0x0000000008000c5c                DMA1_Channel7_IRQHandler
                0x0000000008000c5c                UART5_IRQHandler
                0x0000000008000c5c                ADC3_IRQHandler
                0x0000000008000c5c                TIM4_IRQHandler
                0x0000000008000c5c                CAN_RX1_IRQHandler
                0x0000000008000c5c                DMA2_Channel1_IRQHandler
                0x0000000008000c5c                I2C1_EV_IRQHandler
                0x0000000008000c5c                DMA1_Channel6_IRQHandler
                0x0000000008000c5c                UART4_IRQHandler
                0x0000000008000c5c                TIM3_IRQHandler
                0x0000000008000c5c                RCC_IRQHandler
                0x0000000008000c5c                TIM1_TRG_COM_IRQHandler
                0x0000000008000c5c                DMA1_Channel1_IRQHandler
                0x0000000008000c5c                Default_Handler
                0x0000000008000c5c                EXTI15_10_IRQHandler
                0x0000000008000c5c                TIM7_IRQHandler
                0x0000000008000c5c                TIM5_IRQHandler
                0x0000000008000c5c                EXTI9_5_IRQHandler
                0x0000000008000c5c                SPI2_IRQHandler
                0x0000000008000c5c                USB_LP_CAN_RX0_IRQHandler
                0x0000000008000c5c                MemManage_Handler
                0x0000000008000c5c                SVC_Handler
                0x0000000008000c5c                DMA1_Channel5_IRQHandler
                0x0000000008000c5c                EXTI4_IRQHandler
                0x0000000008000c5c                DMA1_Channel3_IRQHandler
                0x0000000008000c5c                FSMC_IRQHandler
                0x0000000008000c5c                TIM1_UP_IRQHandler
                0x0000000008000c5c                WWDG_IRQHandler
                0x0000000008000c5c                TIM2_IRQHandler
                0x0000000008000c5c                TIM1_BRK_IRQHandler
                0x0000000008000c5c                RTCAlarm_IRQHandler
                0x0000000008000c5c                DMA2_Channel4_5_IRQHandler
                0x0000000008000c5c                USART2_IRQHandler
                0x0000000008000c5c                I2C2_ER_IRQHandler
                0x0000000008000c5c                DMA1_Channel2_IRQHandler
                0x0000000008000c5c                TIM8_BRK_IRQHandler
                0x0000000008000c5c                FLASH_IRQHandler
                0x0000000008000c5c                BusFault_Handler
                0x0000000008000c5c                USART1_IRQHandler
                0x0000000008000c5c                SPI3_IRQHandler
                0x0000000008000c5c                I2C1_ER_IRQHandler
                0x0000000008000c5c                DMA2_Channel3_IRQHandler
 .text.memset   0x0000000008000c5e       0x10 C:/ST/STM32CubeIDE_1.12.0/STM32CubeIDE/plugins/com.st.stm32cube.ide.mcu.externaltools.gnu-tools-for-stm32.11.3.rel1.win32_1.1.0.202305231506/tools/bin/../lib/gcc/arm-none-eabi/11.3.1/../../../../arm-none-eabi/lib/thumb/v7-m/nofp\libc_nano.a(libc_a-memset.o)
                0x0000000008000c5e                memset
 *fill*         0x0000000008000c6e        0x2 
 .text.__libc_init_array
                0x0000000008000c70       0x48 C:/ST/STM32CubeIDE_1.12.0/STM32CubeIDE/plugins/com.st.stm32cube.ide.mcu.externaltools.gnu-tools-for-stm32.11.3.rel1.win32_1.1.0.202305231506/tools/bin/../lib/gcc/arm-none-eabi/11.3.1/../../../../arm-none-eabi/lib/thumb/v7-m/nofp\libc_nano.a(libc_a-init.o)
                0x0000000008000c70                __libc_init_array
 *(.glue_7)
 .glue_7        0x0000000008000cb8        0x0 linker stubs
 *(.glue_7t)
 .glue_7t       0x0000000008000cb8        0x0 linker stubs
 *(.eh_frame)
 .eh_frame      0x0000000008000cb8        0x0 C:/ST/STM32CubeIDE_1.12.0/STM32CubeIDE/plugins/com.st.stm32cube.ide.mcu.externaltools.gnu-tools-for-stm32.11.3.rel1.win32_1.1.0.202305231506/tools/bin/../lib/gcc/arm-none-eabi/11.3.1/thumb/v7-m/nofp/crtbegin.o
 *(.init)
 .init          0x0000000008000cb8        0x4 C:/ST/STM32CubeIDE_1.12.0/STM32CubeIDE/plugins/com.st.stm32cube.ide.mcu.externaltools.gnu-tools-for-stm32.11.3.rel1.win32_1.1.0.202305231506/tools/bin/../lib/gcc/arm-none-eabi/11.3.1/thumb/v7-m/nofp/crti.o
                0x0000000008000cb8                _init
 .init          0x0000000008000cbc        0x8 C:/ST/STM32CubeIDE_1.12.0/STM32CubeIDE/plugins/com.st.stm32cube.ide.mcu.externaltools.gnu-tools-for-stm32.11.3.rel1.win32_1.1.0.202305231506/tools/bin/../lib/gcc/arm-none-eabi/11.3.1/thumb/v7-m/nofp/crtn.o
 *(.fini)
 .fini          0x0000000008000cc4        0x4 C:/ST/STM32CubeIDE_1.12.0/STM32CubeIDE/plugins/com.st.stm32cube.ide.mcu.externaltools.gnu-tools-for-stm32.11.3.rel1.win32_1.1.0.202305231506/tools/bin/../lib/gcc/arm-none-eabi/11.3.1/thumb/v7-m/nofp/crti.o
                0x0000000008000cc4                _fini
 .fini          0x0000000008000cc8        0x8 C:/ST/STM32CubeIDE_1.12.0/STM32CubeIDE/plugins/com.st.stm32cube.ide.mcu.externaltools.gnu-tools-for-stm32.11.3.rel1.win32_1.1.0.202305231506/tools/bin/../lib/gcc/arm-none-eabi/11.3.1/thumb/v7-m/nofp/crtn.o
                0x0000000008000cd0                . = ALIGN (0x4)
                0x0000000008000cd0                _etext = .

.vfp11_veneer   0x0000000008000cd0        0x0
 .vfp11_veneer  0x0000000008000cd0        0x0 linker stubs

.v4_bx          0x0000000008000cd0        0x0
 .v4_bx         0x0000000008000cd0        0x0 linker stubs

.iplt           0x0000000008000cd0        0x0
 .iplt          0x0000000008000cd0        0x0 C:/ST/STM32CubeIDE_1.12.0/STM32CubeIDE/plugins/com.st.stm32cube.ide.mcu.externaltools.gnu-tools-for-stm32.11.3.rel1.win32_1.1.0.202305231506/tools/bin/../lib/gcc/arm-none-eabi/11.3.1/thumb/v7-m/nofp/crtbegin.o

.rel.dyn        0x0000000008000cd0        0x0
 .rel.iplt      0x0000000008000cd0        0x0 C:/ST/STM32CubeIDE_1.12.0/STM32CubeIDE/plugins/com.st.stm32cube.ide.mcu.externaltools.gnu-tools-for-stm32.11.3.rel1.win32_1.1.0.202305231506/tools/bin/../lib/gcc/arm-none-eabi/11.3.1/thumb/v7-m/nofp/crtbegin.o

.rodata         0x0000000008000cd0        0x0
                0x0000000008000cd0                . = ALIGN (0x4)
 *(.rodata)
 *(.rodata*)
                0x0000000008000cd0                . = ALIGN (0x4)

.ARM.extab      0x0000000008000cd0        0x0
                0x0000000008000cd0                . = ALIGN (0x4)
 *(.ARM.extab* .gnu.linkonce.armextab.*)
                0x0000000008000cd0                . = ALIGN (0x4)

.ARM            0x0000000008000cd0        0x0
                0x0000000008000cd0                . = ALIGN (0x4)
                0x0000000008000cd0                __exidx_start = .
 *(.ARM.exidx*)
                0x0000000008000cd0                __exidx_end = .
                0x0000000008000cd0                . = ALIGN (0x4)

.preinit_array  0x0000000008000cd0        0x0
                0x0000000008000cd0                . = ALIGN (0x4)
                0x0000000008000cd0                PROVIDE (__preinit_array_start = .)
 *(.preinit_array*)
                0x0000000008000cd0                PROVIDE (__preinit_array_end = .)
                0x0000000008000cd0                . = ALIGN (0x4)

.init_array     0x0000000008000cd0        0x4
                0x0000000008000cd0                . = ALIGN (0x4)
                0x0000000008000cd0                PROVIDE (__init_array_start = .)
 *(SORT_BY_NAME(.init_array.*))
 *(.init_array*)
 .init_array    0x0000000008000cd0        0x4 C:/ST/STM32CubeIDE_1.12.0/STM32CubeIDE/plugins/com.st.stm32cube.ide.mcu.externaltools.gnu-tools-for-stm32.11.3.rel1.win32_1.1.0.202305231506/tools/bin/../lib/gcc/arm-none-eabi/11.3.1/thumb/v7-m/nofp/crtbegin.o
                0x0000000008000cd4                PROVIDE (__init_array_end = .)
                0x0000000008000cd4                . = ALIGN (0x4)

.fini_array     0x0000000008000cd4        0x4
                0x0000000008000cd4                . = ALIGN (0x4)
                [!provide]                        PROVIDE (__fini_array_start = .)
 *(SORT_BY_NAME(.fini_array.*))
 *(.fini_array*)
 .fini_array    0x0000000008000cd4        0x4 C:/ST/STM32CubeIDE_1.12.0/STM32CubeIDE/plugins/com.st.stm32cube.ide.mcu.externaltools.gnu-tools-for-stm32.11.3.rel1.win32_1.1.0.202305231506/tools/bin/../lib/gcc/arm-none-eabi/11.3.1/thumb/v7-m/nofp/crtbegin.o
                [!provide]                        PROVIDE (__fini_array_end = .)
                0x0000000008000cd8                . = ALIGN (0x4)
                0x0000000008000cd8                _sidata = LOADADDR (.data)

.data           0x0000000020000000        0x4 load address 0x0000000008000cd8
                0x0000000020000000                . = ALIGN (0x4)
                0x0000000020000000                _sdata = .
 *(.data)
 *(.data*)
 .data.cmdArr   0x0000000020000000        0x1 ./Src/SPI_MasterReceive.o
                0x0000000020000000                cmdArr
 *(.RamFunc)
 *(.RamFunc*)
                0x0000000020000004                . = ALIGN (0x4)
 *fill*         0x0000000020000001        0x3 
                0x0000000020000004                _edata = .

.igot.plt       0x0000000020000004        0x0 load address 0x0000000008000cdc
 .igot.plt      0x0000000020000004        0x0 C:/ST/STM32CubeIDE_1.12.0/STM32CubeIDE/plugins/com.st.stm32cube.ide.mcu.externaltools.gnu-tools-for-stm32.11.3.rel1.win32_1.1.0.202305231506/tools/bin/../lib/gcc/arm-none-eabi/11.3.1/thumb/v7-m/nofp/crtbegin.o
                0x0000000020000004                . = ALIGN (0x4)

.bss            0x0000000020000004       0x2c load address 0x0000000008000cdc
                0x0000000020000004                _sbss = .
                0x0000000020000004                __bss_start__ = _sbss
 *(.bss)
 .bss           0x0000000020000004       0x1c C:/ST/STM32CubeIDE_1.12.0/STM32CubeIDE/plugins/com.st.stm32cube.ide.mcu.externaltools.gnu-tools-for-stm32.11.3.rel1.win32_1.1.0.202305231506/tools/bin/../lib/gcc/arm-none-eabi/11.3.1/thumb/v7-m/nofp/crtbegin.o
 *(.bss*)
 .bss.hspi2     0x0000000020000020        0xc ./Src/SPI_MasterReceive.o
                0x0000000020000020                hspi2
 .bss.buttonPressed
                0x000000002000002c        0x1 ./Src/SPI_MasterReceive.o
                0x000000002000002c                buttonPressed
 *(COMMON)
                0x0000000020000030                . = ALIGN (0x4)
 *fill*         0x000000002000002d        0x3 
                0x0000000020000030                _ebss = .
                0x0000000020000030                __bss_end__ = _ebss

._user_heap_stack
                0x0000000020000030      0x600 load address 0x0000000008000cdc
                0x0000000020000030                . = ALIGN (0x8)
                [!provide]                        PROVIDE (end = .)
                0x0000000020000030                PROVIDE (_end = .)
                0x0000000020000230                . = (. + _Min_Heap_Size)
 *fill*         0x0000000020000030      0x200 
                0x0000000020000630                . = (. + _Min_Stack_Size)
 *fill*         0x0000000020000230      0x400 
                0x0000000020000630                . = ALIGN (0x8)

/DISCARD/
 libc.a(*)
 libm.a(*)
 libgcc.a(*)

.ARM.attributes
                0x0000000000000000       0x29
 *(.ARM.attributes)
 .ARM.attributes
                0x0000000000000000       0x1d C:/ST/STM32CubeIDE_1.12.0/STM32CubeIDE/plugins/com.st.stm32cube.ide.mcu.externaltools.gnu-tools-for-stm32.11.3.rel1.win32_1.1.0.202305231506/tools/bin/../lib/gcc/arm-none-eabi/11.3.1/thumb/v7-m/nofp/crti.o
 .ARM.attributes
                0x000000000000001d       0x2d C:/ST/STM32CubeIDE_1.12.0/STM32CubeIDE/plugins/com.st.stm32cube.ide.mcu.externaltools.gnu-tools-for-stm32.11.3.rel1.win32_1.1.0.202305231506/tools/bin/../lib/gcc/arm-none-eabi/11.3.1/thumb/v7-m/nofp/crtbegin.o
 .ARM.attributes
                0x000000000000004a       0x2d ./Drivers/Src/stm32f1xx_gpio.o
 .ARM.attributes
                0x0000000000000077       0x2d ./Drivers/Src/stm32f1xx_spi.o
 .ARM.attributes
                0x00000000000000a4       0x2d ./Src/SPI_MasterReceive.o
 .ARM.attributes
                0x00000000000000d1       0x21 ./Startup/startup_stm32f103c8tx.o
 .ARM.attributes
                0x00000000000000f2       0x2d C:/ST/STM32CubeIDE_1.12.0/STM32CubeIDE/plugins/com.st.stm32cube.ide.mcu.externaltools.gnu-tools-for-stm32.11.3.rel1.win32_1.1.0.202305231506/tools/bin/../lib/gcc/arm-none-eabi/11.3.1/../../../../arm-none-eabi/lib/thumb/v7-m/nofp\libc_nano.a(libc_a-memset.o)
 .ARM.attributes
                0x000000000000011f       0x2d C:/ST/STM32CubeIDE_1.12.0/STM32CubeIDE/plugins/com.st.stm32cube.ide.mcu.externaltools.gnu-tools-for-stm32.11.3.rel1.win32_1.1.0.202305231506/tools/bin/../lib/gcc/arm-none-eabi/11.3.1/../../../../arm-none-eabi/lib/thumb/v7-m/nofp\libc_nano.a(libc_a-init.o)
 .ARM.attributes
                0x000000000000014c       0x1d C:/ST/STM32CubeIDE_1.12.0/STM32CubeIDE/plugins/com.st.stm32cube.ide.mcu.externaltools.gnu-tools-for-stm32.11.3.rel1.win32_1.1.0.202305231506/tools/bin/../lib/gcc/arm-none-eabi/11.3.1/thumb/v7-m/nofp/crtn.o
OUTPUT(stm32f1xx_drivers.elf elf32-littlearm)
LOAD linker stubs
LOAD C:/ST/STM32CubeIDE_1.12.0/STM32CubeIDE/plugins/com.st.stm32cube.ide.mcu.externaltools.gnu-tools-for-stm32.11.3.rel1.win32_1.1.0.202305231506/tools/bin/../lib/gcc/arm-none-eabi/11.3.1/../../../../arm-none-eabi/lib/thumb/v7-m/nofp\libc.a
LOAD C:/ST/STM32CubeIDE_1.12.0/STM32CubeIDE/plugins/com.st.stm32cube.ide.mcu.externaltools.gnu-tools-for-stm32.11.3.rel1.win32_1.1.0.202305231506/tools/bin/../lib/gcc/arm-none-eabi/11.3.1/../../../../arm-none-eabi/lib/thumb/v7-m/nofp\libm.a
LOAD C:/ST/STM32CubeIDE_1.12.0/STM32CubeIDE/plugins/com.st.stm32cube.ide.mcu.externaltools.gnu-tools-for-stm32.11.3.rel1.win32_1.1.0.202305231506/tools/bin/../lib/gcc/arm-none-eabi/11.3.1/thumb/v7-m/nofp\libgcc.a

.comment        0x0000000000000000       0x43
 .comment       0x0000000000000000       0x43 C:/ST/STM32CubeIDE_1.12.0/STM32CubeIDE/plugins/com.st.stm32cube.ide.mcu.externaltools.gnu-tools-for-stm32.11.3.rel1.win32_1.1.0.202305231506/tools/bin/../lib/gcc/arm-none-eabi/11.3.1/thumb/v7-m/nofp/crtbegin.o
                                         0x44 (size before relaxing)
 .comment       0x0000000000000043       0x44 ./Drivers/Src/stm32f1xx_gpio.o
 .comment       0x0000000000000043       0x44 ./Drivers/Src/stm32f1xx_spi.o
 .comment       0x0000000000000043       0x44 ./Src/SPI_MasterReceive.o

.debug_info     0x0000000000000000     0x110d
 .debug_info    0x0000000000000000      0x68c ./Drivers/Src/stm32f1xx_gpio.o
 .debug_info    0x000000000000068c      0x595 ./Drivers/Src/stm32f1xx_spi.o
 .debug_info    0x0000000000000c21      0x4c9 ./Src/SPI_MasterReceive.o
 .debug_info    0x00000000000010ea       0x23 ./Startup/startup_stm32f103c8tx.o

.debug_abbrev   0x0000000000000000      0x3f9
 .debug_abbrev  0x0000000000000000      0x16e ./Drivers/Src/stm32f1xx_gpio.o
 .debug_abbrev  0x000000000000016e      0x136 ./Drivers/Src/stm32f1xx_spi.o
 .debug_abbrev  0x00000000000002a4      0x143 ./Src/SPI_MasterReceive.o
 .debug_abbrev  0x00000000000003e7       0x12 ./Startup/startup_stm32f103c8tx.o

.debug_aranges  0x0000000000000000      0x148
 .debug_aranges
                0x0000000000000000       0x78 ./Drivers/Src/stm32f1xx_gpio.o
 .debug_aranges
                0x0000000000000078       0x70 ./Drivers/Src/stm32f1xx_spi.o
 .debug_aranges
                0x00000000000000e8       0x38 ./Src/SPI_MasterReceive.o
 .debug_aranges
                0x0000000000000120       0x28 ./Startup/startup_stm32f103c8tx.o

.debug_rnglists
                0x0000000000000000       0xee
 .debug_rnglists
                0x0000000000000000       0x59 ./Drivers/Src/stm32f1xx_gpio.o
 .debug_rnglists
                0x0000000000000059       0x55 ./Drivers/Src/stm32f1xx_spi.o
 .debug_rnglists
                0x00000000000000ae       0x27 ./Src/SPI_MasterReceive.o
 .debug_rnglists
                0x00000000000000d5       0x19 ./Startup/startup_stm32f103c8tx.o

.debug_macro    0x0000000000000000     0x27ce
 .debug_macro   0x0000000000000000      0x16b ./Drivers/Src/stm32f1xx_gpio.o
 .debug_macro   0x000000000000016b      0xaa2 ./Drivers/Src/stm32f1xx_gpio.o
 .debug_macro   0x0000000000000c0d       0x22 ./Drivers/Src/stm32f1xx_gpio.o
 .debug_macro   0x0000000000000c2f       0x5b ./Drivers/Src/stm32f1xx_gpio.o
 .debug_macro   0x0000000000000c8a       0x24 ./Drivers/Src/stm32f1xx_gpio.o
 .debug_macro   0x0000000000000cae       0x94 ./Drivers/Src/stm32f1xx_gpio.o
 .debug_macro   0x0000000000000d42       0x43 ./Drivers/Src/stm32f1xx_gpio.o
 .debug_macro   0x0000000000000d85       0x34 ./Drivers/Src/stm32f1xx_gpio.o
 .debug_macro   0x0000000000000db9       0x16 ./Drivers/Src/stm32f1xx_gpio.o
 .debug_macro   0x0000000000000dcf       0x57 ./Drivers/Src/stm32f1xx_gpio.o
 .debug_macro   0x0000000000000e26       0x97 ./Drivers/Src/stm32f1xx_gpio.o
 .debug_macro   0x0000000000000ebd      0x369 ./Drivers/Src/stm32f1xx_gpio.o
 .debug_macro   0x0000000000001226       0xfd ./Drivers/Src/stm32f1xx_gpio.o
 .debug_macro   0x0000000000001323       0x10 ./Drivers/Src/stm32f1xx_gpio.o
 .debug_macro   0x0000000000001333       0x16 ./Drivers/Src/stm32f1xx_gpio.o
 .debug_macro   0x0000000000001349       0x43 ./Drivers/Src/stm32f1xx_gpio.o
 .debug_macro   0x000000000000138c       0x34 ./Drivers/Src/stm32f1xx_gpio.o
 .debug_macro   0x00000000000013c0       0x10 ./Drivers/Src/stm32f1xx_gpio.o
 .debug_macro   0x00000000000013d0       0x58 ./Drivers/Src/stm32f1xx_gpio.o
 .debug_macro   0x0000000000001428       0x8e ./Drivers/Src/stm32f1xx_gpio.o
 .debug_macro   0x00000000000014b6       0x1c ./Drivers/Src/stm32f1xx_gpio.o
 .debug_macro   0x00000000000014d2      0x177 ./Drivers/Src/stm32f1xx_gpio.o
 .debug_macro   0x0000000000001649       0x16 ./Drivers/Src/stm32f1xx_gpio.o
 .debug_macro   0x000000000000165f       0x16 ./Drivers/Src/stm32f1xx_gpio.o
 .debug_macro   0x0000000000001675      0x147 ./Drivers/Src/stm32f1xx_gpio.o
 .debug_macro   0x00000000000017bc      0x103 ./Drivers/Src/stm32f1xx_gpio.o
 .debug_macro   0x00000000000018bf       0x6a ./Drivers/Src/stm32f1xx_gpio.o
 .debug_macro   0x0000000000001929      0x1df ./Drivers/Src/stm32f1xx_gpio.o
 .debug_macro   0x0000000000001b08      0x19b ./Drivers/Src/stm32f1xx_gpio.o
 .debug_macro   0x0000000000001ca3      0x365 ./Drivers/Src/stm32f1xx_gpio.o
 .debug_macro   0x0000000000002008       0xee ./Drivers/Src/stm32f1xx_gpio.o
 .debug_macro   0x00000000000020f6      0x16b ./Drivers/Src/stm32f1xx_spi.o
 .debug_macro   0x0000000000002261       0xb2 ./Drivers/Src/stm32f1xx_spi.o
 .debug_macro   0x0000000000002313      0x1f2 ./Src/SPI_MasterReceive.o
 .debug_macro   0x0000000000002505      0x174 ./Src/SPI_MasterReceive.o
 .debug_macro   0x0000000000002679       0x10 ./Src/SPI_MasterReceive.o
 .debug_macro   0x0000000000002689       0x35 ./Src/SPI_MasterReceive.o
 .debug_macro   0x00000000000026be       0x20 ./Src/SPI_MasterReceive.o
 .debug_macro   0x00000000000026de       0x1c ./Src/SPI_MasterReceive.o
 .debug_macro   0x00000000000026fa       0x1c ./Src/SPI_MasterReceive.o
 .debug_macro   0x0000000000002716       0xb8 ./Src/SPI_MasterReceive.o

.debug_line     0x0000000000000000     0x19fa
 .debug_line    0x0000000000000000      0xa14 ./Drivers/Src/stm32f1xx_gpio.o
 .debug_line    0x0000000000000a14      0x880 ./Drivers/Src/stm32f1xx_spi.o
 .debug_line    0x0000000000001294      0x6eb ./Src/SPI_MasterReceive.o
 .debug_line    0x000000000000197f       0x7b ./Startup/startup_stm32f103c8tx.o

.debug_str      0x0000000000000000     0x9c95
 .debug_str     0x0000000000000000     0x9688 ./Drivers/Src/stm32f1xx_gpio.o
                                       0x98b4 (size before relaxing)
 .debug_str     0x0000000000009688      0x3f8 ./Drivers/Src/stm32f1xx_spi.o
                                       0x97a7 (size before relaxing)
 .debug_str     0x0000000000009a80      0x1e6 ./Src/SPI_MasterReceive.o
                                       0x9b91 (size before relaxing)
 .debug_str     0x0000000000009c66       0x2f ./Startup/startup_stm32f103c8tx.o
                                         0x62 (size before relaxing)

.debug_frame    0x0000000000000000      0x494
 .debug_frame   0x0000000000000000      0x1f0 ./Drivers/Src/stm32f1xx_gpio.o
 .debug_frame   0x00000000000001f0      0x1c4 ./Drivers/Src/stm32f1xx_spi.o
 .debug_frame   0x00000000000003b4       0x94 ./Src/SPI_MasterReceive.o
 .debug_frame   0x0000000000000448       0x20 C:/ST/STM32CubeIDE_1.12.0/STM32CubeIDE/plugins/com.st.stm32cube.ide.mcu.externaltools.gnu-tools-for-stm32.11.3.rel1.win32_1.1.0.202305231506/tools/bin/../lib/gcc/arm-none-eabi/11.3.1/../../../../arm-none-eabi/lib/thumb/v7-m/nofp\libc_nano.a(libc_a-memset.o)
 .debug_frame   0x0000000000000468       0x2c C:/ST/STM32CubeIDE_1.12.0/STM32CubeIDE/plugins/com.st.stm32cube.ide.mcu.externaltools.gnu-tools-for-stm32.11.3.rel1.win32_1.1.0.202305231506/tools/bin/../lib/gcc/arm-none-eabi/11.3.1/../../../../arm-none-eabi/lib/thumb/v7-m/nofp\libc_nano.a(libc_a-init.o)

.debug_line_str
                0x0000000000000000       0x56
 .debug_line_str
                0x0000000000000000       0x56 ./Startup/startup_stm32f103c8tx.o
                                         0x6e (size before relaxing)
